../Core/Src/stm32l0xx_hal_msp.c:63:6:HAL_MspInit	8	static
../Core/Src/stm32l0xx_hal_msp.c:86:6:HAL_I2C_MspInit	48	static
../Core/Src/stm32l0xx_hal_msp.c:123:6:HAL_I2C_MspDeInit	16	static
../Core/Src/stm32l0xx_hal_msp.c:154:6:HAL_SPI_MspInit	56	static
../Core/Src/stm32l0xx_hal_msp.c:225:6:HAL_SPI_MspDeInit	16	static
../Core/Src/stm32l0xx_hal_msp.c:277:6:HAL_TSC_MspInit	56	static
../Core/Src/stm32l0xx_hal_msp.c:340:6:HAL_TSC_MspDeInit	16	static
../Core/Src/stm32l0xx_hal_msp.c:375:6:HAL_UART_MspInit	48	static
../Core/Src/stm32l0xx_hal_msp.c:412:6:HAL_UART_MspDeInit	16	static
